zipf_k200 100 M_true at r_mid=0.667 G_hat=0.690
zipf_k200 200 M_true at r_mid=0.548 G_hat=0.565
zipf_k200 500 M_true at r_mid=0.408 G_hat=0.436
zipf_k200 1000 M_true at r_mid=0.287 G_hat=0.335
zipf_k200 2000 M_true at r_mid=0.186 G_hat=0.203
zipf_k200 5000 M_true at r_mid=0.082 G_hat=0.110
gtr_askdocs 100 M_true at r_mid=0.788 G_hat=0.820
gtr_askdocs 200 M_true at r_mid=0.673 G_hat=0.710
gtr_askdocs 500 M_true at r_mid=0.492 G_hat=0.534
gtr_askdocs 1000 M_true at r_mid=0.364 G_hat=0.422
gtr_askdocs 2000 M_true at r_mid=0.244 G_hat=0.302
gtr_askdocs 5000 M_true at r_mid=0.098 G_hat=0.197
gtr_trump 100 M_true at r_mid=0.859 G_hat=0.830
gtr_trump 200 M_true at r_mid=0.824 G_hat=0.845
gtr_trump 500 M_true at r_mid=0.732 G_hat=0.766
gtr_trump 1000 M_true at r_mid=0.636 G_hat=0.686
gtr_trump 2000 M_true at r_mid=0.505 G_hat=0.623
gtr_trump 5000 M_true at r_mid=0.271 G_hat=0.535
gtr_tifu 100 M_true at r_mid=0.753 G_hat=0.810
gtr_tifu 200 M_true at r_mid=0.635 G_hat=0.720
gtr_tifu 500 M_true at r_mid=0.445 G_hat=0.462
gtr_tifu 1000 M_true at r_mid=0.318 G_hat=0.350
gtr_tifu 2000 M_true at r_mid=0.203 G_hat=0.250
gtr_tifu 5000 M_true at r_mid=0.080 G_hat=0.158

G_hat vs M_true: rho=0.973 MAE=0.0682
bound holds (max_err <= viol + M_true): 1.000 of cells
bound_hat holds (max_err <= viol + G_hat): 1.000 of cells
median tightness bound / max_err (cells with max_err > 0.005): 22.00
rho(max_err, G_hat) = 0.367 ; rho(plain_max_err, G_hat) = 0.411

Per corpus, by n (median over r):
                  M_true  G_hat   viol  max_err  bound  plain_max_err
corpus      n                                                        
gtr_askdocs 100    0.853  0.840  0.072    0.078  0.925          0.068
            200    0.763  0.782  0.108    0.044  0.871          0.028
            500    0.605  0.648  0.164    0.033  0.769          0.014
            1000   0.476  0.533  0.190    0.031  0.666          0.011
            2000   0.339  0.421  0.196    0.030  0.535          0.009
            5000   0.150  0.299  0.145    0.013  0.295          0.003
gtr_tifu    100    0.831  0.880  0.109    0.081  0.940          0.033
            200    0.740  0.792  0.149    0.062  0.889          0.022
            500    0.575  0.594  0.225    0.046  0.800          0.013
            1000   0.447  0.502  0.254    0.034  0.701          0.010
            2000   0.307  0.386  0.264    0.022  0.571          0.008
            5000   0.134  0.266  0.193    0.011  0.328          0.003
gtr_trump   100    0.900  0.905  0.019    0.058  0.919          0.041
            200    0.872  0.883  0.025    0.057  0.896          0.031
            500    0.790  0.823  0.031    0.032  0.821          0.019
            1000   0.701  0.770  0.037    0.022  0.738          0.012
            2000   0.570  0.714  0.040    0.019  0.611          0.007
            5000   0.317  0.627  0.035    0.010  0.352          0.004
zipf_k200   100    0.755  0.785  0.081    0.036  0.836          0.035
            200    0.650  0.655  0.108    0.024  0.758          0.020
            500    0.516  0.550  0.118    0.013  0.634          0.017
            1000   0.392  0.450  0.123    0.010  0.516          0.011
            2000   0.283  0.326  0.125    0.006  0.408          0.010
            5000   0.151  0.209  0.108    0.004  0.259          0.007
