merge radius 0.1: 240 themes -> 112 shared themes
  shared 5 (15): random:Trump's 2020 Census Exclusion Controversy; trump:Political Discourse on the US Census; trump:Calls to Redo the Trump-era Census; trump:Trump Administration Census Undercount Concerns; trump:Trump's Census Constitutionality Controversy; trump:Allegations of Trump's Census Manipulation
  shared 19 (13): trump:Trump's Census Exclusion of Undocumented Immigrants; trump:Trump Census Executive Order; trump:Trump Census Undocumented Immigrants Dispute; trump:Trump's Census Exclusion of Undocumented Immigrants; trump:Trump Census Apportionment Legal Dispute; illegal:Trump's Census Exclusion of Illegal Immigrants
  shared 18 (10): citizens:SCOTUS Rulings on DACA and Census Citizenship; citizens:Trump's Census Citizenship Question Attempt; citizens:Supreme Court Census Citizenship Question Ruling; citizens:Census Citizenship Question Litigation Sanctions; citizens:Trump Administration Census Citizenship Data Collection; citizens:Trump's Census Citizenship Question Controversy
  shared 47 (9): random:Census Inclusion of Undocumented Immigrants; illegal:Illegal Immigration, Census, and Voting Rights; illegal:Excluding Non-Citizens from the US Census; illegal:Constitutionality of Counting Non-Citizens in the Census; illegal:Excluding Undocumented Immigrants from the Census; illegal:Census Apportionment and Illegal Immigration
  shared 8 (7): random:2020 Census Outreach and Education Events; random:2020 US Census Participation; random:2020 Census Participation Encouragement; random:2020 Census Participation; random:2020 Census Participation Encouragement; random:2020 Census Participation Advocacy
shared themes with mass > 0.2% per corpus: {'random': 50, 'citizens': 28, 'trump': 28, 'covid': 30, 'illegal': 25, 'sv_askdocs': 31, 'sv_trump': 32, 'sv_tifu': 22}
/home/maolee/projects/corpus-variability/scripts/shared_taxonomy.py:115: ConstantInputWarning: An input array is constant; the correlation coefficient is not defined.
  np.nanmedian([spearmanr(g["cov_r0.30"], g.shared_cov).statistic for _, g in dd.groupby(["corpus", "n"]) if g.shared_cov.std() > 0]))
    corpus   n  shared_cov  themes_seen  themes_occupied  cov_r0.20  cov_r0.30  cov_r0.40  gt_expected
  citizens  25       0.834        9.367             28.0      0.089      0.579      0.945        0.827
  citizens  50       0.887       13.167             28.0      0.143      0.673      0.960        0.885
  citizens 100       0.933       17.333             28.0      0.197      0.755      0.972        0.931
  citizens 200       0.960       22.300             28.0      0.268      0.817      0.979        0.960
  citizens 400       0.980       28.700             28.0      0.364      0.873      0.987        0.979
     covid  25       0.752       13.200             30.0      0.017      0.253      0.656        0.741
     covid  50       0.857       16.767             30.0      0.045      0.355      0.780        0.864
     covid 100       0.940       22.633             30.0      0.082      0.447      0.850        0.932
     covid 200       0.959       26.900             30.0      0.125      0.528      0.891        0.963
     covid 400       0.979       31.500             30.0      0.175      0.601      0.930        0.980
   illegal  25       0.814        9.567             25.0      0.099      0.597      0.928        0.822
   illegal  50       0.896       13.567             25.0      0.147      0.681      0.952        0.897
   illegal 100       0.945       17.467             25.0      0.209      0.758      0.963        0.940
   illegal 200       0.968       21.800             25.0      0.284      0.819      0.971        0.964
   illegal 400       0.979       27.033             25.0      0.360      0.849      0.977        0.979
    random  25       0.669       13.167             50.0      0.020      0.225      0.612        0.665
    random  50       0.770       20.633             50.0      0.027      0.293      0.681        0.772
    random 100       0.866       29.367             50.0      0.083      0.384      0.740        0.863
    random 200       0.929       38.000             50.0      0.113      0.452      0.791        0.930
    random 400       0.973       48.267             50.0      0.154      0.518      0.824        0.971
sv_askdocs  25       0.595       16.733             31.0      0.000      0.000      0.011        0.593
sv_askdocs  50       0.820       23.933             31.0      0.000      0.004      0.033        0.810
sv_askdocs 100       0.938       28.633             31.0      0.000      0.007      0.080        0.944
sv_askdocs 200       0.987       32.233             31.0      0.001      0.013      0.107        0.984
sv_askdocs 400       0.990       33.933             31.0      0.002      0.022      0.175        0.990
   sv_tifu  25       0.681       14.100             22.0      0.000      0.005      0.183        0.707
   sv_tifu  50       0.901       19.600             22.0      0.000      0.013      0.269        0.887
   sv_tifu 100       0.962       21.733             22.0      0.000      0.043      0.417        0.966
   sv_tifu 200       0.984       24.200             22.0      0.003      0.073      0.584        0.984
   sv_tifu 400       0.988       27.533             22.0      0.003      0.118      0.690        0.988
  sv_trump  25       0.746       12.533             32.0      0.097      0.431      0.835        0.744
  sv_trump  50       0.857       17.100             32.0      0.149      0.501      0.857        0.857
  sv_trump 100       0.917       22.100             32.0      0.176      0.587      0.896        0.919
  sv_trump 200       0.952       29.033             32.0      0.219      0.649      0.917        0.951
  sv_trump 400       0.972       35.933             32.0      0.285      0.726      0.942        0.972
     trump  25       0.749       12.333             28.0      0.108      0.432      0.813        0.747
     trump  50       0.851       16.867             28.0      0.125      0.523      0.853        0.859
     trump 100       0.915       21.833             28.0      0.189      0.595      0.888        0.920
     trump 200       0.952       28.033             28.0      0.224      0.656      0.919        0.952
     trump 400       0.972       35.933             28.0      0.283      0.717      0.937        0.972

Cross-corpus spread of shared_cov by n: min, max, sd
  n=  25  0.595 0.834 sd=0.079
  n=  50  0.770 0.901 sd=0.044
  n= 100  0.866 0.962 sd=0.029
  n= 200  0.929 0.987 sd=0.019
  n= 400  0.972 0.990 sd=0.007

Cross-corpus Spearman of shared_cov with predictors at each n (bootstrap 90% band over draws):
  n=  25 cov_r0.20    rho=+0.55 band=[+0.50, +0.89]
  n=  25 cov_r0.30    rho=+0.88 band=[+0.79, +0.98]
  n=  25 cov_r0.40    rho=+0.88 band=[+0.86, +0.98]
  n=  25 gt_expected  rho=+0.93 band=[+0.88, +1.00]
  n=  50 cov_r0.20    rho=+0.29 band=[+0.10, +0.49]
  n=  50 cov_r0.30    rho=+0.38 band=[+0.33, +0.62]
  n=  50 cov_r0.40    rho=+0.40 band=[+0.33, +0.57]
  n=  50 gt_expected  rho=+0.90 band=[+0.86, +0.98]
  n= 100 cov_r0.20    rho=-0.23 band=[-0.46, -0.05]
  n= 100 cov_r0.30    rho=-0.07 band=[-0.33, +0.10]
  n= 100 cov_r0.40    rho=-0.12 band=[-0.36, +0.05]
  n= 100 gt_expected  rho=+0.90 band=[+0.83, +0.98]
  n= 200 cov_r0.20    rho=-0.24 band=[-0.38, -0.23]
  n= 200 cov_r0.30    rho=-0.24 band=[-0.38, -0.24]
  n= 200 cov_r0.40    rho=-0.26 band=[-0.38, -0.26]
  n= 200 gt_expected  rho=+0.98 band=[+0.95, +1.00]
  n= 400 cov_r0.20    rho=-0.38 band=[-0.55, -0.26]
  n= 400 cov_r0.30    rho=-0.38 band=[-0.55, -0.26]
  n= 400 cov_r0.40    rho=-0.38 band=[-0.55, -0.26]
  n= 400 gt_expected  rho=+0.81 band=[+0.81, +0.95]

Pooled per-draw Spearman within (corpus, n), shared_cov vs cov_r0.30: median rho=-0.12
