n_docs=20000 dim=64 seeds=3 pilot n=500 target=0.95

Agreement with true coverage across all (setting, seed, n):
  gt_cov         rho=0.989  MAE=0.016
  nn_cov_a0.1    rho=0.307  MAE=0.869
  nn_cov_a0.2    rho=0.576  MAE=0.521
  nn_cov_a0.3    rho=0.677  MAE=0.209
  nn_cov_a0.4    rho=0.797  MAE=0.091
  nn_cov_a0.5    rho=0.968  MAE=0.029

Per-setting MAE by radius:
                  nn_cov_a0.1  nn_cov_a0.2  nn_cov_a0.3  nn_cov_a0.4  nn_cov_a0.5
setting                                                                          
k200_zipf1              0.866        0.395        0.027        0.018        0.018
k200_zipf1_noisy        0.866        0.866        0.768        0.317        0.069
k500_zipf1              0.791        0.397        0.029        0.021        0.020
k50_flat                0.951        0.426        0.013        0.007        0.007

Required n for coverage 0.95 (Chao extrapolation at n=500 vs empirical):
                        chao_required_n  empirical_required_n
setting          alpha                                       
k200_zipf1       0.1           373471.0                1000.0
                 0.2             2686.0                1000.0
                 0.3              890.0                1000.0
                 0.4              716.0                1000.0
                 0.5              712.0                1000.0
k200_zipf1_noisy 0.1           373471.0                1000.0
                 0.2           373471.0                1000.0
                 0.3            18763.0                1000.0
                 0.4             2280.0                1000.0
                 0.5             1267.0                1000.0
k500_zipf1       0.1           373471.0                3000.0
                 0.2             3543.0                3000.0
                 0.3             1152.0                3000.0
                 0.4              997.0                3000.0
                 0.5             1012.0                3000.0
k50_flat         0.1           373471.0                 200.0
                 0.2             1763.0                 200.0
                 0.3              500.0                 200.0
                 0.4              500.0                 200.0
                 0.5              500.0                 200.0

True coverage by n (median over seeds):
setting  k200_zipf1  k200_zipf1_noisy  k500_zipf1  k50_flat
n                                                          
50            0.542             0.542       0.472     0.632
100           0.649             0.649       0.556     0.856
200           0.780             0.780       0.648     0.962
350           0.845             0.845       0.737     1.000
500           0.887             0.887       0.777     1.000
750           0.928             0.928       0.826     1.000
1000          0.954             0.954       0.869     1.000
1500          0.976             0.976       0.916     1.000
2000          0.991             0.991       0.942     1.000
3000          0.997             0.997       0.968     1.000
5000          0.999             0.999       0.988     1.000
