random n=25: 30 summaries, prompt chars median 4710
random n=50: 30 summaries, prompt chars median 9251
random n=100: 30 summaries, prompt chars median 18090
random n=200: 30 summaries, prompt chars median 36032
random n=400: 30 summaries, prompt chars median 72741
citizens n=25: 30 summaries, prompt chars median 5164
citizens n=50: 30 summaries, prompt chars median 9906
citizens n=100: 30 summaries, prompt chars median 20069
citizens n=200: 30 summaries, prompt chars median 39702
citizens n=400: 30 summaries, prompt chars median 78730
trump n=25: 30 summaries, prompt chars median 4816
trump n=50: 30 summaries, prompt chars median 9450
trump n=100: 30 summaries, prompt chars median 18261
trump n=200: 30 summaries, prompt chars median 36400
trump n=400: 30 summaries, prompt chars median 72815
covid n=25: 30 summaries, prompt chars median 5029
covid n=50: 30 summaries, prompt chars median 9781
covid n=100: 30 summaries, prompt chars median 19443
covid n=200: 30 summaries, prompt chars median 38811
covid n=400: 30 summaries, prompt chars median 77073
illegal n=25: 30 summaries, prompt chars median 4950
